Starting >>> arm_interfaces
Starting >>> rover_arm
Starting >>> rover_camera
Starting >>> rover_can
Starting >>> rover_description
Starting >>> rover_estop
Starting >>> rover_interfaces
Starting >>> rover_joy
Starting >>> rover_monitor
Starting >>> rover_drive_hardware
Finished <<< rover_description [1.25s]
Finished <<< rover_arm [1.73s]
Finished <<< rover_monitor [1.76s]
Finished <<< rover_camera [1.90s]
Finished <<< rover_can [1.96s]
Finished <<< rover_estop [2.01s]
Finished <<< rover_joy [2.08s]
Finished <<< arm_interfaces [5.55s]
Starting >>> motor_node
Finished <<< rover_interfaces [5.86s]
Starting >>> rover_bringup
Finished <<< rover_drive_hardware [6.22s]
Finished <<< motor_node [0.89s]
Finished <<< rover_bringup [0.87s]

Summary: 12 packages finished [6.82s]
  1 package had stderr output: rover_drive_hardware
[INFO] [launch]: All log files can be found below /home/ubuntu/.ros/log/2026-03-18-17-02-50-876524-base-station-28089
[INFO] [launch]: Default logging verbosity is set to INFO
[ERROR] [launch]: Caught exception in launch (see debug for traceback): Caught multiple exceptions when trying to load file of format [xml]:
 - ValueError: Unexpected attribute(s) found in `param`: {'command'}
 - SyntaxError: invalid syntax (description.launch.xml, line 1)
